{"type":"server-started","port":63678,"host":"127.0.0.1","url_host":"localhost","url":"http://localhost:63678","screen_dir":"/Users/jetsukda/Desktop/Pim/siripatwebsite/.superpowers/brainstorm/59713-1775985752/content","state_dir":"/Users/jetsukda/Desktop/Pim/siripatwebsite/.superpowers/brainstorm/59713-1775985752/state"}
{"type":"screen-added","file":"/Users/jetsukda/Desktop/Pim/siripatwebsite/.superpowers/brainstorm/59713-1775985752/content/projects-listing-layout.html"}
{"type":"screen-updated","file":"/Users/jetsukda/Desktop/Pim/siripatwebsite/.superpowers/brainstorm/59713-1775985752/content/projects-listing-layout.html"}
{"type":"screen-updated","file":"/Users/jetsukda/Desktop/Pim/siripatwebsite/.superpowers/brainstorm/59713-1775985752/content/projects-listing-layout.html"}
{"source":"user-event","type":"click","text":"Case Study\n            Ledger\n            Financial tracking app description.\n            View Project →\n          \n        \n        \n          \n            \n          \n          \n            Case Study\n            Pawtopia\n            Pet hospital app description.\n            View Project →\n          \n        \n      \n    \n    \n      C. Alternating Image-Text Rows\n      Horizontal layout with image and text side-by-side, alternating left/right. Creates visual rhythm and gives each project equal prominence.","choice":"c","id":null,"timestamp":1775986057011}
{"source":"user-event","type":"click","text":"Case Study\n            Ledger\n            Financial tracking app description.\n            View Project →\n          \n        \n        \n          \n            \n          \n          \n            Case Study\n            Pawtopia\n            Pet hospital app description.\n            View Project →\n          \n        \n      \n    \n    \n      C. Alternating Image-Text Rows\n      Horizontal layout with image and text side-by-side, alternating left/right. Creates visual rhythm and gives each project equal prominence.","choice":"c","id":null,"timestamp":1775986064560}
{"source":"user-event","type":"click","text":"Case Study\n            Ledger\n            Financial tracking app description.\n            View Project →\n          \n        \n        \n          \n            \n          \n          \n            Case Study\n            Pawtopia\n            Pet hospital app description.\n            View Project →\n          \n        \n      \n    \n    \n      C. Alternating Image-Text Rows\n      Horizontal layout with image and text side-by-side, alternating left/right. Creates visual rhythm and gives each project equal prominence.","choice":"c","id":null,"timestamp":1775986064750}
{"type":"screen-added","file":"/Users/jetsukda/Desktop/Pim/siripatwebsite/.superpowers/brainstorm/59713-1775985752/content/case-study-structure.html"}
{"type":"screen-updated","file":"/Users/jetsukda/Desktop/Pim/siripatwebsite/.superpowers/brainstorm/59713-1775985752/content/case-study-structure.html"}
{"type":"screen-updated","file":"/Users/jetsukda/Desktop/Pim/siripatwebsite/.superpowers/brainstorm/59713-1775985752/content/case-study-structure.html"}
{"type":"screen-updated","file":"/Users/jetsukda/Desktop/Pim/siripatwebsite/.superpowers/brainstorm/59713-1775985752/content/projects-listing-layout.html"}
{"type":"screen-updated","file":"/Users/jetsukda/Desktop/Pim/siripatwebsite/.superpowers/brainstorm/59713-1775985752/content/case-study-structure.html"}
{"type":"screen-added","file":"/Users/jetsukda/Desktop/Pim/siripatwebsite/.superpowers/brainstorm/59713-1775985752/content/full-design-preview.html"}
{"type":"screen-updated","file":"/Users/jetsukda/Desktop/Pim/siripatwebsite/.superpowers/brainstorm/59713-1775985752/content/full-design-preview.html"}
{"type":"screen-updated","file":"/Users/jetsukda/Desktop/Pim/siripatwebsite/.superpowers/brainstorm/59713-1775985752/content/full-design-preview.html"}
{"type":"screen-added","file":"/Users/jetsukda/Desktop/Pim/siripatwebsite/.superpowers/brainstorm/59713-1775985752/content/waiting.html"}
{"type":"screen-updated","file":"/Users/jetsukda/Desktop/Pim/siripatwebsite/.superpowers/brainstorm/59713-1775985752/content/waiting.html"}
{"type":"screen-updated","file":"/Users/jetsukda/Desktop/Pim/siripatwebsite/.superpowers/brainstorm/59713-1775985752/content/waiting.html"}
{"type":"screen-updated","file":"/Users/jetsukda/Desktop/Pim/siripatwebsite/.superpowers/brainstorm/59713-1775985752/content/waiting.html"}
{"type":"screen-updated","file":"/Users/jetsukda/Desktop/Pim/siripatwebsite/.superpowers/brainstorm/59713-1775985752/content/full-design-preview.html"}
{"type":"server-stopped","reason":"idle timeout"}
